../Sensors_Drivers/BMP3XX/Src/bmp390.c:46:16:BMP390_Init	32	static
../Sensors_Drivers/BMP3XX/Src/bmp390.c:86:6:BMP390_START	24	static
../Sensors_Drivers/BMP3XX/Src/bmp390.c:102:13:store_SPI_intf	24	static
../Sensors_Drivers/BMP3XX/Src/bmp390.c:115:16:set_normal_mode	24	static
../Sensors_Drivers/BMP3XX/Src/bmp390.c:161:16:set_drone_settings	24	static
../Sensors_Drivers/BMP3XX/Src/bmp390.c:200:16:perform_soft_reset	24	static
../Sensors_Drivers/BMP3XX/Src/bmp390.c:232:10:BMP390_Get_Altitude	32	static
../Sensors_Drivers/BMP3XX/Src/bmp390.c:248:17:BMP390_get_pressure	56	static
../Sensors_Drivers/BMP3XX/Src/bmp390.c:286:16:get_comp_data	24	static
../Sensors_Drivers/BMP3XX/Src/bmp390.c:306:16:parse_sensor_data	40	static
../Sensors_Drivers/BMP3XX/Src/bmp390.c:337:16:BMP390_get_coeffs	40	static
../Sensors_Drivers/BMP3XX/Src/bmp390.c:360:16:BMP390_set_calibs	24	static
../Sensors_Drivers/BMP3XX/Src/bmp390.c:392:16:BMP390_compensate_temperature	192	static
../Sensors_Drivers/BMP3XX/Src/bmp390.c:439:16:BMP390_compensate_pressure	504	static
../Sensors_Drivers/BMP3XX/Src/bmp390.c:510:19:BMP390_SPI_READ_MULTIPLE_REGS	32	static
../Sensors_Drivers/BMP3XX/Src/bmp390.c:533:19:BMP390_SPI_READ_REG	32	static
../Sensors_Drivers/BMP3XX/Src/bmp390.c:559:19:BMP390_SPI_WRITE_REG	32	static
